     1                                 %line 1+1 assembly/conversions.asm
     2                                 [section .data]
     3                                 
     4                                 
     5                                 EXIT_SUCCESS equ 0
     6                                 SYS_EXIT equ 60
     7                                 
     8                                 
     9 00000000 64                     bNumA db 100
    10 00000001 0000                   wNumA dw 0
    11 00000003 9C                     bNumB db -100
    12 00000004 00                     bNum3 db 0
    13 00000005 0000                   wNumB dw 0
    14 00000007 C800                   wNumC dw 200
    15 00000009 00                     bNumC db 0
    16 0000000A 409C000000000000       qNumD dq 40000
    17 00000012 0000                   wNumD dw 0
    18 00000014 09                     bNumE db 9
    19 00000015 0000000000000000       qNumE dq 0
    20 0000001D 0D                     bNumF db 13
    21 0000001E 40420F0000000000       qNumF dq 1000000
    22                                 
    23                                 
    24 00000026 00000000               dNumA dd 0
    25 0000002A 0000000000000000       qNumA dq 0
    26 00000032 D8DCFFFF               dNumB dd -9000
    27 00000036 0000                   wNumE dw 0
    28                                 
    29                                 [section .text]
    30                                 [global _start]
    31                                 _start:
    32                                 
    33                                 
    34                                 
    35 00000000 66B89CFF                mov ax, -100
    36 00000004 880425[00000000]        mov byte [bNum3], al
    37                                 
    38 0000000B 668B0425[00000000]      mov ax, word [wNumC]
    39 00000013 880425[00000000]        mov byte [bNumC], al
    40                                 
    41 0000001A 488B1C25[00000000]      mov rbx, qWord [qNumD]
    42 00000022 66891C25[00000000]      mov word [wNumD], bx
    43                                 
    44 0000002A 448B0425[00000000]      mov r8d, dWord [dNumB]
    45 00000032 6644890425[00000000]      mov word [wNumE], r8w
    46                                 
    47                                 
    48                                 
    49 0000003B 48C7C240420F00          mov rdx, 1000000
    50 00000042 8A0C25[00000000]        mov cl, byte [bNumE]
    51 00000049 48C7C200000000          mov rdx, 0
    52 00000050 88CA                    mov dl, cl
    53 00000052 48891425[00000000]      mov qWord [qNumE], rdx
    54                                 
    55                                 
    56 0000005A 488D3425[00000000]      lea rsi, qWord [qNumE]
    57                                 
    58 00000062 48C7C1D8162000          mov rcx, 2103000
    59 00000069 B378                    mov bl, 120
    60 0000006B 48C7C100000000          mov rcx, 0
    61 00000072 88D9                    mov cl, bl
    62                                 
    63 00000074 48C7C6CECA2300          mov rsi, 2345678
    64 0000007B 480FB63425[00000000]      movzx rsi, byte [bNumF]
    65                                 
    66 00000084 66B8F9FF                mov ax, -7
    67 00000088 98                      cwde
    68 00000089 66B8E6FF                mov ax, -26
    69 0000008D 0FBFD8                  movsx ebx, ax
    70 00000090 891C25[00000000]        mov dWord [dNumA], ebx
    71 00000097 B9D08AFFFF              mov ecx, -30000
    72 0000009C 4863C9                  movsxd rcx, ecx
    73 0000009F 48890C25[00000000]      mov qWord [qNumA], rcx
    74                                 
    75                                 
    76                                 last:
    77 000000A7 48C7C03C000000          mov rax, SYS_EXIT
    78 000000AE 48C7C700000000          mov rdi, EXIT_SUCCESS
    79 000000B5 0F05                    syscall
