     1                                 %line 1+1 assembly/subtraction.asm
     2                                 [section .data]
     3                                 
     4                                 SYS_EXIT equ 60
     5                                 EXIT_SUCCESS equ 0
     6                                 
     7 00000000 49                     bNum1 db 73
     8 00000001 2A                     bNum2 db 42
     9 00000002 00                     bAns db 0
    10 00000003 50C3                   wNum1 dw 50000
    11 00000005 204E                   wNum2 dw 20000
    12 00000007 0000                   wAns dw 0
    13                                 
    14                                 [section .text]
    15                                 [global _start]
    16                                 _start:
    17                                 
    18                                 
    19 00000000 8A0425[00000000]        mov al, byte [bNum1]
    20 00000007 2A0425[00000000]        sub al, byte [bNum2]
    21 0000000E 880425[00000000]        mov byte [bAns], al
    22                                 
    23 00000015 668B1C25[00000000]      mov bx, word [wNum1]
    24 0000001D 662B1C25[00000000]      sub bx, word [wNum2]
    25 00000025 66891C25[00000000]      mov word [wAns], bx
    26                                 
    27                                 last:
    28 0000002D 48C7C03C000000          mov rax, SYS_EXIT
    29 00000034 48C7C700000000          mov rdi, EXIT_SUCCESS
    30 0000003B 0F05                    syscall
